Error: Too many symbol "E" in real number: "4e567e3"