Syntax error: Ternary expression without false-condition