Syntax error: Ternary expression without true-condition