Syntax error: Assignment expression without left operand