Syntax error: Enumeration without expression after ','