Syntax error: Binary expression without left operand