Syntax error: Cast expression without left operand