Syntax error: Iteration statement without right bracket