Syntax error: Iteration statement without left bracket