int function (f)
|
+---(,)
|   |
|   +---(i)
|   |
|   +---(f)
|
+---{stmt}
    |
    +---(=)
        |
        +---(a)
        |
        +---(i)