int function (f)
|
+---(,)
|   |
|   +---(=)
    |   |
    |   +---(a)
    |   |
    |   +---(0)
|   |
|   +---(,)
        |
        +---(b)
        |
        +---(c)
|
+---{stmt}
    |
    +---while
        |
        +---(>)
        |   |
        |   +---(a)
        |   |
        |   +---(0)
        |
        +---(+=)
            |
            +---(b)
            |
            +---(a)