{stmt}
|
+---(i)
|
+---(stmt)
    |
    +---(f)
    |
    +---(c)
