Syntax error: Iteration statement without expression